// Jest Snapshot v1, https://goo.gl/fbAQLP

exports[`<MovieCard /> tests Render the component correctly  1`] = `
<RCTSafeAreaView
  emulateUnlessSupported={true}
  style={
    Object {
      "flex": 1,
    }
  }
>
  <View
    style={
      Object {
        "flex": 1,
      }
    }
  >
    <RCTScrollView
      ListFooterComponent={[Function]}
      contentContainerStyle={
        Object {
          "backgroundColor": "#fafafa",
          "marginHorizontal": 8,
          "paddingVertical": 8,
        }
      }
      data={Array []}
      getItem={[Function]}
      getItemCount={[Function]}
      keyExtractor={[Function]}
      keyboardShouldPersistTaps="never"
      onContentSizeChange={[Function]}
      onEndReached={[Function]}
      onLayout={[Function]}
      onMomentumScrollBegin={[Function]}
      onMomentumScrollEnd={[Function]}
      onScroll={[Function]}
      onScrollBeginDrag={[Function]}
      onScrollEndDrag={[Function]}
      removeClippedSubviews={false}
      renderItem={[Function]}
      scrollEventThrottle={50}
      stickyHeaderIndices={Array []}
      style={
        Object {
          "backgroundColor": "#fafafa",
        }
      }
      viewabilityConfigCallbackPairs={Array []}
    >
      <View>
        <View
          onLayout={[Function]}
        >
          <View
            style={
              Object {
                "height": 20,
              }
            }
          >
            <ActivityIndicator
              size="large"
            />
          </View>
        </View>
      </View>
    </RCTScrollView>
  </View>
</RCTSafeAreaView>
`;
