// Jest Snapshot v1, https://goo.gl/fbAQLP

exports[`<MovieCard /> tests Render the component correctly  1`] = `
<RCTSafeAreaView
  emulateUnlessSupported={true}
>
  <View
    style={
      Object {
        "backgroundColor": "white",
        "height": 60,
        "width": "100%",
      }
    }
  >
    <TextInput
      autoCorrect={false}
      onChangeText={[Function]}
      placeholder="search..."
      style={
        Object {
          "backgroundColor": "#dcdcdc",
          "borderRadius": 10,
          "flex": 1,
          "fontSize": 18,
          "marginBottom": 10,
          "marginHorizontal": "5%",
          "marginTop": 10,
          "paddingHorizontal": 10,
          "width": "90%",
        }
      }
      value=""
    />
  </View>
  <RCTScrollView
    ListFooterComponent={[Function]}
    contentContainerStyle={
      Object {
        "backgroundColor": "#fafafa",
        "marginHorizontal": 8,
        "paddingVertical": 8,
      }
    }
    data={Array []}
    getItem={[Function]}
    getItemCount={[Function]}
    keyExtractor={[Function]}
    keyboardShouldPersistTaps="never"
    onContentSizeChange={[Function]}
    onEndReached={[Function]}
    onLayout={[Function]}
    onMomentumScrollBegin={[Function]}
    onMomentumScrollEnd={[Function]}
    onScroll={[Function]}
    onScrollBeginDrag={[Function]}
    onScrollEndDrag={[Function]}
    removeClippedSubviews={false}
    renderItem={[Function]}
    scrollEventThrottle={50}
    stickyHeaderIndices={Array []}
    style={
      Object {
        "backgroundColor": "#fafafa",
      }
    }
    viewabilityConfigCallbackPairs={Array []}
  >
    <View>
      <View
        onLayout={[Function]}
      >
        <View
          style={
            Object {
              "height": 20,
            }
          }
        >
          <ActivityIndicator
            size="large"
          />
        </View>
      </View>
    </View>
  </RCTScrollView>
</RCTSafeAreaView>
`;
